
> build
> npm run build -w packages/server && npm run build -w packages/web


> @terminus/server@0.1.0 build
> tsc

src/index.ts(259,50): error TS2339: Property 'getHeatmap' does not exist on type 'LiquidationEngine'.
npm error Lifecycle script `build` failed with error:
npm error code 2
npm error path C:\Users\Lenovo\Desktop\VGBN\.vscode\CODEPTIT\orderbook_liquidation\packages\server
npm error workspace @terminus/server@0.1.0
npm error location C:\Users\Lenovo\Desktop\VGBN\.vscode\CODEPTIT\orderbook_liquidation\packages\server
npm error command failed
npm error command C:\WINDOWS\system32\cmd.exe /d /s /c tsc
